2026-05-06 19:14:34:1434 [31merror[39m: [31mError during server bootstrap:[39m
2026-05-06 19:14:34:1434 [31merror[39m: [31mAccess denied for user 'root'@'localhost' (using password: YES)[39m
2026-05-06 19:15:06:156 [31merror[39m: [31mError during server bootstrap:[39m
2026-05-06 19:15:06:156 [31merror[39m: [31mAccess denied for user 'root'@'localhost' (using password: NO)[39m
2026-05-06 19:15:44:1544 [31merror[39m: [31mError during server bootstrap:[39m
2026-05-06 19:15:44:1544 [31merror[39m: [31mAccess denied for user 'root'@'localhost' (using password: NO)[39m
2026-05-06 19:15:59:1559 [31merror[39m: [31mError during server bootstrap:[39m
2026-05-06 19:15:59:1559 [31merror[39m: [31mAccess denied for user 'root'@'localhost' (using password: NO)[39m
2026-05-06 19:17:25:1725 [31merror[39m: [31mError during server bootstrap:[39m
2026-05-06 19:17:25:1725 [31merror[39m: [31mAccess denied for user 'root'@'localhost' (using password: YES)[39m
2026-05-06 19:18:21:1821 [31merror[39m: [31mError during server bootstrap:[39m
2026-05-06 19:18:21:1821 [31merror[39m: [31mAccess denied for user 'root'@'localhost' (using password: YES)[39m
2026-05-06 19:18:39:1839 [31merror[39m: [31mError during server bootstrap:[39m
2026-05-06 19:18:39:1839 [31merror[39m: [31mAccess denied for user 'root'@'localhost' (using password: YES)[39m
2026-05-06 19:18:49:1849 [31merror[39m: [31mError during server bootstrap:[39m
2026-05-06 19:18:49:1849 [31merror[39m: [31mAccess denied for user 'root'@'localhost' (using password: YES)[39m
2026-05-06 19:18:55:1855 [31merror[39m: [31mError during server bootstrap:[39m
2026-05-06 19:18:55:1855 [31merror[39m: [31mAccess denied for user 'root'@'localhost' (using password: YES)[39m
2026-05-06 19:19:17:1917 [31merror[39m: [31mError during server bootstrap:[39m
2026-05-06 19:19:17:1917 [31merror[39m: [31mAccess denied for user 'root'@'localhost' (using password: YES)[39m
2026-05-06 19:19:44:1944 [31merror[39m: [31mError during server bootstrap:[39m
2026-05-06 19:19:44:1944 [31merror[39m: [31mAccess denied for user 'root'@'localhost' (using password: YES)[39m
2026-05-06 19:20:34:2034 [31merror[39m: [31mError during server bootstrap:[39m
2026-05-06 19:20:34:2034 [31merror[39m: [31mError during server bootstrap:[39m
2026-05-06 19:20:34:2034 [31merror[39m: [31mAccess denied for user 'root'@'localhost' (using password: NO)[39m
2026-05-06 19:20:34:2034 [31merror[39m: [31mAccess denied for user 'root'@'localhost' (using password: NO)[39m
2026-05-06 19:20:46:2046 [31merror[39m: [31mError during server bootstrap:[39m
2026-05-06 19:20:46:2046 [31merror[39m: [31mAccess denied for user 'root'@'localhost' (using password: NO)[39m
2026-05-06 19:21:19:2119 [31merror[39m: [31mError during server bootstrap:[39m
2026-05-06 19:21:19:2119 [31merror[39m: [31mAccess denied for user 'root'@'localhost' (using password: NO)[39m
2026-05-06 19:22:33:2233 [31merror[39m: [31mError during server bootstrap:[39m
2026-05-06 19:22:33:2233 [31merror[39m: [31mAccess denied for user 'root'@'localhost' (using password: YES)[39m
2026-05-06 19:22:33:2233 [31merror[39m: [31mError during server bootstrap:[39m
2026-05-06 19:22:33:2233 [31merror[39m: [31mAccess denied for user 'root'@'localhost' (using password: YES)[39m
2026-05-06 19:22:33:2233 [31merror[39m: [31mError during server bootstrap:[39m
2026-05-06 19:22:33:2233 [31merror[39m: [31mAccess denied for user 'root'@'localhost' (using password: YES)[39m
2026-05-06 19:33:36:3336 [31merror[39m: [31mError during server bootstrap:[39m
2026-05-06 19:33:36:3336 [31merror[39m: [31mCannot read properties of undefined (reading 'use')[39m
2026-05-06 19:34:11:3411 [31merror[39m: [31mError during server bootstrap:[39m
2026-05-06 19:34:11:3411 [31merror[39m: [31mCannot read properties of undefined (reading 'use')[39m
2026-05-06 19:34:11:3411 [31merror[39m: [31mError during server bootstrap:[39m
2026-05-06 19:34:11:3411 [31merror[39m: [31mCannot read properties of undefined (reading 'use')[39m
2026-05-06 19:34:11:3411 [31merror[39m: [31mError during server bootstrap:[39m
2026-05-06 19:34:11:3411 [31merror[39m: [31mCannot read properties of undefined (reading 'use')[39m
2026-05-06 19:35:10:3510 [31merror[39m: [31mError during server bootstrap:[39m
2026-05-06 19:35:10:3510 [31merror[39m: [31mCannot read properties of undefined (reading 'use')[39m
2026-05-06 19:35:10:3510 [31merror[39m: [31mError during server bootstrap:[39m
2026-05-06 19:35:10:3510 [31merror[39m: [31mCannot read properties of undefined (reading 'use')[39m
2026-05-06 19:35:10:3510 [31merror[39m: [31mError during server bootstrap:[39m
2026-05-06 19:35:10:3510 [31merror[39m: [31mCannot read properties of undefined (reading 'use')[39m
2026-05-06 19:35:55:3555 [31merror[39m: [31mError during server bootstrap:[39m
2026-05-06 19:35:55:3555 [31merror[39m: [31mCannot read properties of undefined (reading 'use')[39m
2026-05-06 19:36:10:3610 [31merror[39m: [31mError during server bootstrap:[39m
2026-05-06 19:36:10:3610 [31merror[39m: [31mCannot read properties of undefined (reading 'use')[39m
2026-05-06 19:36:11:3611 [31merror[39m: [31mError during server bootstrap:[39m
2026-05-06 19:36:11:3611 [31merror[39m: [31mError during server bootstrap:[39m
2026-05-06 19:36:11:3611 [31merror[39m: [31mCannot read properties of undefined (reading 'use')[39m
2026-05-06 19:36:11:3611 [31merror[39m: [31mCannot read properties of undefined (reading 'use')[39m
2026-05-06 19:36:27:3627 [31merror[39m: [31mError during server bootstrap:[39m
2026-05-06 19:36:27:3627 [31merror[39m: [31mCannot read properties of undefined (reading 'use')[39m
2026-05-06 19:37:09:379 [31merror[39m: [31mError during server bootstrap:[39m
2026-05-06 19:37:09:379 [31merror[39m: [31mCannot read properties of undefined (reading 'use')[39m
2026-05-06 19:37:09:379 [31merror[39m: [31mError during server bootstrap:[39m
2026-05-06 19:37:09:379 [31merror[39m: [31mCannot read properties of undefined (reading 'use')[39m
2026-05-06 19:37:09:379 [31merror[39m: [31mError during server bootstrap:[39m
2026-05-06 19:37:09:379 [31merror[39m: [31mCannot read properties of undefined (reading 'use')[39m
2026-05-06 19:37:15:3715 [31merror[39m: [31mError during server bootstrap:[39m
2026-05-06 19:37:15:3715 [31merror[39m: [31mCannot read properties of undefined (reading 'use')[39m
2026-05-06 19:37:36:3736 [31merror[39m: [31mError during server bootstrap:[39m
2026-05-06 19:37:36:3736 [31merror[39m: [31mlisten EADDRINUSE: address already in use 0.0.0.0:3000[39m
2026-05-06 19:37:36:3736 [31merror[39m: [31mError during server bootstrap:[39m
2026-05-06 19:37:36:3736 [31merror[39m: [31mlisten EADDRINUSE: address already in use 0.0.0.0:3000[39m
2026-05-06 19:37:36:3736 [31merror[39m: [31mError during server bootstrap:[39m
2026-05-06 19:37:36:3736 [31merror[39m: [31mlisten EADDRINUSE: address already in use 0.0.0.0:3000[39m
2026-05-06 19:37:47:3747 [31merror[39m: [31mError during server bootstrap:[39m
2026-05-06 19:37:47:3747 [31merror[39m: [31mlisten EADDRINUSE: address already in use 0.0.0.0:3000[39m
2026-05-06 19:37:47:3747 [31merror[39m: [31mError during server bootstrap:[39m
2026-05-06 19:37:47:3747 [31merror[39m: [31mlisten EADDRINUSE: address already in use 0.0.0.0:3000[39m
2026-05-06 19:37:47:3747 [31merror[39m: [31mError during server bootstrap:[39m
2026-05-06 19:37:47:3747 [31merror[39m: [31mlisten EADDRINUSE: address already in use 0.0.0.0:3000[39m
2026-05-06 19:37:56:3756 [31merror[39m: [31mError during server bootstrap:[39m
2026-05-06 19:37:56:3756 [31merror[39m: [31mlisten EADDRINUSE: address already in use 0.0.0.0:3000[39m
2026-05-06 19:40:07:407 [31merror[39m: [31mError during server bootstrap:[39m
2026-05-06 19:40:07:407 [31merror[39m: [31mlisten EADDRINUSE: address already in use 0.0.0.0:3000[39m
2026-05-06 19:40:07:407 [31merror[39m: [31mError during server bootstrap:[39m
2026-05-06 19:40:07:407 [31merror[39m: [31mlisten EADDRINUSE: address already in use 0.0.0.0:3000[39m
2026-05-06 19:56:15:5615 [31merror[39m: [31mError during server bootstrap:[39m
2026-05-06 19:56:15:5615 [31merror[39m: [31m⨯ Unable to compile TypeScript:[39m
[31m[96msrc/Entity/Container.ts[0m:[93m4[0m:[93m31[0m - [91merror[0m[90m TS2307: [0mCannot find module './ContainerItem' or its corresponding type declarations.[39m

[31m[7m4[0m import { ContainerItem } from "./ContainerItem";[39m
[31m[7m [0m [91m                              ~~~~~~~~~~~~~~~~~[0m[39m
[31m[96msrc/Entity/Container.ts[0m:[93m36[0m:[93m50[0m - [91merror[0m[90m TS2339: [0mProperty 'container' does not exist on type 'unknown'.[39m

[31m[7m36[0m   @OneToMany(() => ContainerItem, (item) => item.container)[39m
[31m[7m  [0m [91m                                                 ~~~~~~~~~[0m[39m
[31m[39m
2026-05-06 19:58:46:5846 [31merror[39m: [31mError during server bootstrap:[39m
2026-05-06 19:58:46:5846 [31merror[39m: [31m⨯ Unable to compile TypeScript:[39m
[31m[96msrc/Entity/Branch.ts[0m:[93m54[0m:[93m44[0m - [91merror[0m[90m TS2339: [0mProperty 'branch' does not exist on type 'Order'.[39m

[31m[7m54[0m   @OneToMany(() => Order, (order) => order.branch)[39m
[31m[7m  [0m [91m                                           ~~~~~~[0m[39m
[31m[39m
2026-05-06 20:16:25:1625 [31merror[39m: [31mError during server bootstrap:[39m
2026-05-06 20:16:25:1625 [31merror[39m: [31m⨯ Unable to compile TypeScript:[39m
[31m[96msrc/Entity/Location.ts[0m:[93m20[0m:[93m53[0m - [91merror[0m[90m TS2339: [0mProperty 'location' does not exist on type 'Category'.[39m

[31m[7m20[0m   @OneToMany(() => Category, (category) => category.location)[39m
[31m[7m  [0m [91m                                                    ~~~~~~~~[0m[39m
[31m[39m
2026-05-06 20:16:41:1641 [31merror[39m: [31mError during server bootstrap:[39m
2026-05-06 20:16:41:1641 [31merror[39m: [31m⨯ Unable to compile TypeScript:[39m
[31m[96msrc/Entity/Location.ts[0m:[93m20[0m:[93m53[0m - [91merror[0m[90m TS2339: [0mProperty 'location' does not exist on type 'Category'.[39m

[31m[7m20[0m   @OneToMany(() => Category, (category) => category.location)[39m
[31m[7m  [0m [91m                                                    ~~~~~~~~[0m[39m
[31m[39m
2026-05-07 08:19:43:1943 [31merror[39m: [31mError during server bootstrap:[39m
2026-05-07 08:19:43:1943 [31merror[39m: [31mlisten EADDRINUSE: address already in use 0.0.0.0:3000[39m
2026-05-07 15:27:50:2750 [31merror[39m: [31m[POST /api/v1/auth/user/login] [401] Invalid username or password[39m
2026-05-07 15:36:14:3614 [31merror[39m: [31m[GET /api/v1/admin/picking/trace/CONT-KINGFOOD-01] [403] Chỉ quản lý mới có quyền truy xuất nguồn gốc container[39m
2026-05-13 23:11:45:1145 [31merror[39m: [31m[POST /api/v1/auth/user/login] [400] Bad control character in string literal in JSON at position 40 (line 2 column 39)[39m
2026-05-13 23:12:13:1213 [31merror[39m: [31m[POST /api/v1/auth/customer/login] [401] Invalid email or password[39m
2026-05-14 00:47:37:4737 [31merror[39m: [31m[GET /favicon.ico] [401] No token provided[39m
2026-05-15 16:13:05:135 [31merror[39m: [31mError during server bootstrap:[39m
2026-05-15 16:13:05:135 [31merror[39m: [31mCannot add or update a child row: a foreign key constraint fails ("defaultdb"."#sql-b7_24f72", CONSTRAINT "FK_e63414ec8f8f8588b6696263815" FOREIGN KEY ("order_id") REFERENCES "KingFood_orders" ("id"))[39m
2026-05-15 16:15:45:1545 [31merror[39m: [31mError during server bootstrap:[39m
2026-05-15 16:15:45:1545 [31merror[39m: [31mCannot add or update a child row: a foreign key constraint fails ("defaultdb"."#sql-b7_24fad", CONSTRAINT "FK_e63414ec8f8f8588b6696263815" FOREIGN KEY ("order_id") REFERENCES "KingFood_orders" ("id"))[39m
2026-05-15 16:17:06:176 [31merror[39m: [31mError during server bootstrap:[39m
2026-05-15 16:17:06:176 [31merror[39m: [31mCannot add or update a child row: a foreign key constraint fails ("defaultdb"."#sql-b7_24fc7", CONSTRAINT "FK_e63414ec8f8f8588b6696263815" FOREIGN KEY ("order_id") REFERENCES "KingFood_orders" ("id"))[39m
2026-05-15 16:32:02:322 [31merror[39m: [31mError during server bootstrap:[39m
2026-05-15 16:32:02:322 [31merror[39m: [31mCannot add or update a child row: a foreign key constraint fails ("defaultdb"."#sql-b7_250fc", CONSTRAINT "FK_e63414ec8f8f8588b6696263815" FOREIGN KEY ("order_id") REFERENCES "KingFood_orders" ("id"))[39m
2026-05-15 16:38:13:3813 [31merror[39m: [31mError during server bootstrap:[39m
2026-05-15 16:38:13:3813 [31merror[39m: [31mCannot add or update a child row: a foreign key constraint fails ("defaultdb"."#sql-b7_25180", CONSTRAINT "FK_e63414ec8f8f8588b6696263815" FOREIGN KEY ("order_id") REFERENCES "KingFood_orders" ("id"))[39m
2026-05-15 16:43:54:4354 [31merror[39m: [31mError during server bootstrap:[39m
2026-05-15 16:43:54:4354 [31merror[39m: [31mlisten EADDRINUSE: address already in use 0.0.0.0:3000[39m
2026-05-15 16:45:20:4520 [31merror[39m: [31m[POST /api/v1/auth/user/login] [401] Invalid username or password[39m
2026-05-16 11:44:08:448 [31merror[39m: [31mError during server bootstrap:[39m
2026-05-16 11:44:08:448 [31merror[39m: [31mCannot add or update a child row: a foreign key constraint fails ("defaultdb"."#sql-b7_2ac0a", CONSTRAINT "FK_e63414ec8f8f8588b6696263815" FOREIGN KEY ("order_id") REFERENCES "KingFood_orders" ("id"))[39m
2026-05-16 11:45:54:4554 [31merror[39m: [31mError during server bootstrap:[39m
2026-05-16 11:45:54:4554 [31merror[39m: [31mCannot add or update a child row: a foreign key constraint fails ("defaultdb"."#sql-b7_2ac31", CONSTRAINT "FK_e63414ec8f8f8588b6696263815" FOREIGN KEY ("order_id") REFERENCES "KingFood_orders" ("id"))[39m
2026-05-16 11:54:36:5436 [31merror[39m: [31mError during server bootstrap:[39m
2026-05-16 11:54:36:5436 [31merror[39m: [31mCannot add or update a child row: a foreign key constraint fails ("defaultdb"."#sql-b7_2ace8", CONSTRAINT "FK_e63414ec8f8f8588b6696263815" FOREIGN KEY ("order_id") REFERENCES "KingFood_orders" ("id"))[39m
2026-05-16 11:55:15:5515 [31merror[39m: [31mError during server bootstrap:[39m
2026-05-16 11:55:15:5515 [31merror[39m: [31mCannot add or update a child row: a foreign key constraint fails ("defaultdb"."#sql-b7_2acfc", CONSTRAINT "FK_e63414ec8f8f8588b6696263815" FOREIGN KEY ("order_id") REFERENCES "KingFood_orders" ("id"))[39m
2026-05-16 11:58:30:5830 [31merror[39m: [31mError during server bootstrap:[39m
2026-05-16 11:58:30:5830 [31merror[39m: [31mlisten EADDRINUSE: address already in use 0.0.0.0:3000[39m
2026-05-16 11:59:05:595 [31merror[39m: [31m[GET /favicon.ico] [401] No token provided[39m
2026-05-16 12:12:09:129 [31merror[39m: [31mError during server bootstrap:[39m
2026-05-16 12:12:09:129 [31merror[39m: [31mlisten EADDRINUSE: address already in use 0.0.0.0:9999[39m
2026-05-16 13:31:57:3157 [31merror[39m: [31mError during server bootstrap:[39m
2026-05-16 13:31:57:3157 [31merror[39m: [31mlisten EADDRINUSE: address already in use 0.0.0.0:9999[39m
2026-05-16 16:34:23:3423 [31merror[39m: [31mError during server bootstrap:[39m
2026-05-16 16:34:23:3423 [31merror[39m: [31mlisten EADDRINUSE: address already in use 0.0.0.0:9999[39m
2026-05-19 21:15:56:1556 [31merror[39m: [31m[GET /api/v1/admin/picking/incidents] [500] Property "product" was not found in "PickingTask". Make sure your query is correct.[39m
2026-05-19 21:15:56:1556 [31merror[39m: [31mEntityPropertyNotFoundError: Property "product" was not found in "PickingTask". Make sure your query is correct.[39m
[31m    at /Users/hohoangson/Documents/my_study/Application_v1/backend/node_modules/src/query-builder/SelectQueryBuilder.ts:3995:23[39m
[31m    at Array.forEach (<anonymous>)[39m
[31m    at SelectQueryBuilder.buildRelations (/Users/hohoangson/Documents/my_study/Application_v1/backend/node_modules/src/query-builder/SelectQueryBuilder.ts:3987:32)[39m
[31m    at /Users/hohoangson/Documents/my_study/Application_v1/backend/node_modules/src/query-builder/SelectQueryBuilder.ts:4057:26[39m
[31m    at Array.forEach (<anonymous>)[39m
[31m    at SelectQueryBuilder.buildRelations (/Users/hohoangson/Documents/my_study/Application_v1/backend/node_modules/src/query-builder/SelectQueryBuilder.ts:3987:32)[39m
[31m    at SelectQueryBuilder.applyFindOptions (/Users/hohoangson/Documents/my_study/Application_v1/backend/node_modules/src/query-builder/SelectQueryBuilder.ts:3176:22)[39m
[31m    at SelectQueryBuilder.setFindOptions (/Users/hohoangson/Documents/my_study/Application_v1/backend/node_modules/src/query-builder/SelectQueryBuilder.ts:106:14)[39m
[31m    at EntityManager.find (/Users/hohoangson/Documents/my_study/Application_v1/backend/node_modules/src/entity-manager/EntityManager.ts:1118:14)[39m
[31m    at Repository.find (/Users/hohoangson/Documents/my_study/Application_v1/backend/node_modules/src/repository/Repository.ts:573:29)[39m
2026-05-19 21:16:21:1621 [31merror[39m: [31m[PATCH /api/v1/admin/users/change-password] [400] Old password is incorrect[39m
2026-05-19 21:18:29:1829 [31merror[39m: [31m[POST /api/v1/admin/users] [400] name is required, email is required[39m
2026-05-19 21:19:04:194 [31merror[39m: [31m[POST /api/v1/admin/users] [400] name is required, email is required[39m
2026-05-19 21:22:35:2235 [31merror[39m: [31m[POST /api/v1/admin/users] [500] data and salt arguments required[39m
2026-05-19 21:22:35:2235 [31merror[39m: [31mError: data and salt arguments required[39m
[31m    at Object.hash (/Users/hohoangson/Documents/my_study/Application_v1/backend/node_modules/bcrypt/bcrypt.js:133:17)[39m
[31m    at /Users/hohoangson/Documents/my_study/Application_v1/backend/node_modules/bcrypt/promises.js:26:12[39m
[31m    at new Promise (<anonymous>)[39m
[31m    at Object.promise (/Users/hohoangson/Documents/my_study/Application_v1/backend/node_modules/bcrypt/promises.js:17:12)[39m
[31m    at Object.hash (/Users/hohoangson/Documents/my_study/Application_v1/backend/node_modules/bcrypt/bcrypt.js:129:25)[39m
[31m    at UserService.<anonymous> (/Users/hohoangson/Documents/my_study/Application_v1/backend/src/services/UserService.ts:15:41)[39m
[31m    at Generator.next (<anonymous>)[39m
[31m    at fulfilled (/Users/hohoangson/Documents/my_study/Application_v1/backend/src/services/UserService.ts:44:58)[39m
[31m    at processTicksAndRejections (node:internal/process/task_queues:105:5)[39m
2026-05-19 21:27:25:2725 [31merror[39m: [31m[GET /api/v1/admin/picking/incidents] [500] Property "product" was not found in "PickingTask". Make sure your query is correct.[39m
2026-05-19 21:27:25:2725 [31merror[39m: [31mEntityPropertyNotFoundError: Property "product" was not found in "PickingTask". Make sure your query is correct.[39m
[31m    at /Users/hohoangson/Documents/my_study/Application_v1/backend/node_modules/src/query-builder/SelectQueryBuilder.ts:3995:23[39m
[31m    at Array.forEach (<anonymous>)[39m
[31m    at SelectQueryBuilder.buildRelations (/Users/hohoangson/Documents/my_study/Application_v1/backend/node_modules/src/query-builder/SelectQueryBuilder.ts:3987:32)[39m
[31m    at /Users/hohoangson/Documents/my_study/Application_v1/backend/node_modules/src/query-builder/SelectQueryBuilder.ts:4057:26[39m
[31m    at Array.forEach (<anonymous>)[39m
[31m    at SelectQueryBuilder.buildRelations (/Users/hohoangson/Documents/my_study/Application_v1/backend/node_modules/src/query-builder/SelectQueryBuilder.ts:3987:32)[39m
[31m    at SelectQueryBuilder.applyFindOptions (/Users/hohoangson/Documents/my_study/Application_v1/backend/node_modules/src/query-builder/SelectQueryBuilder.ts:3176:22)[39m
[31m    at SelectQueryBuilder.setFindOptions (/Users/hohoangson/Documents/my_study/Application_v1/backend/node_modules/src/query-builder/SelectQueryBuilder.ts:106:14)[39m
[31m    at EntityManager.find (/Users/hohoangson/Documents/my_study/Application_v1/backend/node_modules/src/entity-manager/EntityManager.ts:1118:14)[39m
[31m    at Repository.find (/Users/hohoangson/Documents/my_study/Application_v1/backend/node_modules/src/repository/Repository.ts:573:29)[39m
2026-05-19 21:29:17:2917 [31merror[39m: [31m[GET /api/v1/admin/picking/incidents] [500] Property "product" was not found in "PickingTask". Make sure your query is correct.[39m
2026-05-19 21:29:17:2917 [31merror[39m: [31mEntityPropertyNotFoundError: Property "product" was not found in "PickingTask". Make sure your query is correct.[39m
[31m    at /Users/hohoangson/Documents/my_study/Application_v1/backend/node_modules/src/query-builder/SelectQueryBuilder.ts:3995:23[39m
[31m    at Array.forEach (<anonymous>)[39m
[31m    at SelectQueryBuilder.buildRelations (/Users/hohoangson/Documents/my_study/Application_v1/backend/node_modules/src/query-builder/SelectQueryBuilder.ts:3987:32)[39m
[31m    at /Users/hohoangson/Documents/my_study/Application_v1/backend/node_modules/src/query-builder/SelectQueryBuilder.ts:4057:26[39m
[31m    at Array.forEach (<anonymous>)[39m
[31m    at SelectQueryBuilder.buildRelations (/Users/hohoangson/Documents/my_study/Application_v1/backend/node_modules/src/query-builder/SelectQueryBuilder.ts:3987:32)[39m
[31m    at SelectQueryBuilder.applyFindOptions (/Users/hohoangson/Documents/my_study/Application_v1/backend/node_modules/src/query-builder/SelectQueryBuilder.ts:3176:22)[39m
[31m    at SelectQueryBuilder.setFindOptions (/Users/hohoangson/Documents/my_study/Application_v1/backend/node_modules/src/query-builder/SelectQueryBuilder.ts:106:14)[39m
[31m    at EntityManager.find (/Users/hohoangson/Documents/my_study/Application_v1/backend/node_modules/src/entity-manager/EntityManager.ts:1118:14)[39m
[31m    at Repository.find (/Users/hohoangson/Documents/my_study/Application_v1/backend/node_modules/src/repository/Repository.ts:573:29)[39m
2026-05-19 21:31:51:3151 [31merror[39m: [31m[GET /api/v1/admin/picking/incidents] [500] Property "product" was not found in "PickingTask". Make sure your query is correct.[39m
2026-05-19 21:31:51:3151 [31merror[39m: [31mEntityPropertyNotFoundError: Property "product" was not found in "PickingTask". Make sure your query is correct.[39m
[31m    at /Users/hohoangson/Documents/my_study/Application_v1/backend/node_modules/src/query-builder/SelectQueryBuilder.ts:3995:23[39m
[31m    at Array.forEach (<anonymous>)[39m
[31m    at SelectQueryBuilder.buildRelations (/Users/hohoangson/Documents/my_study/Application_v1/backend/node_modules/src/query-builder/SelectQueryBuilder.ts:3987:32)[39m
[31m    at /Users/hohoangson/Documents/my_study/Application_v1/backend/node_modules/src/query-builder/SelectQueryBuilder.ts:4057:26[39m
[31m    at Array.forEach (<anonymous>)[39m
[31m    at SelectQueryBuilder.buildRelations (/Users/hohoangson/Documents/my_study/Application_v1/backend/node_modules/src/query-builder/SelectQueryBuilder.ts:3987:32)[39m
[31m    at SelectQueryBuilder.applyFindOptions (/Users/hohoangson/Documents/my_study/Application_v1/backend/node_modules/src/query-builder/SelectQueryBuilder.ts:3176:22)[39m
[31m    at SelectQueryBuilder.setFindOptions (/Users/hohoangson/Documents/my_study/Application_v1/backend/node_modules/src/query-builder/SelectQueryBuilder.ts:106:14)[39m
[31m    at EntityManager.find (/Users/hohoangson/Documents/my_study/Application_v1/backend/node_modules/src/entity-manager/EntityManager.ts:1118:14)[39m
[31m    at Repository.find (/Users/hohoangson/Documents/my_study/Application_v1/backend/node_modules/src/repository/Repository.ts:573:29)[39m
2026-05-19 21:44:29:4429 [31merror[39m: [31m[GET /api/v1/admin/dashboard/stats] [401] Invalid or expired token[39m
2026-05-19 21:44:29:4429 [31merror[39m: [31m[GET /api/v1/admin/picking/incidents] [401] Invalid or expired token[39m
2026-05-19 22:24:44:2444 [31merror[39m: [31m[POST /api/v1/auth/user/login] [401] Invalid username or password[39m
2026-05-19 22:24:46:2446 [31merror[39m: [31m[POST /api/v1/auth/user/login] [401] Invalid username or password[39m
2026-05-19 22:39:20:3920 [31merror[39m: [31m[GET /api/v1/admin/dashboard/stats] [401] Invalid or expired token[39m
2026-05-19 22:39:20:3920 [31merror[39m: [31m[GET /api/v1/admin/picking/incidents] [401] Invalid or expired token[39m
2026-05-19 22:41:30:4130 [31merror[39m: [31m[GET /api/v1/admin/users] [401] Invalid or expired token[39m
2026-05-19 22:41:30:4130 [31merror[39m: [31m[GET /api/v1/admin/locations] [401] Invalid or expired token[39m
2026-05-19 22:41:30:4130 [31merror[39m: [31m[GET /api/v1/admin/dashboard/stats] [401] Invalid or expired token[39m
2026-05-19 22:44:39:4439 [31merror[39m: [31m[GET /api/v1/admin/users] [401] No token provided[39m
2026-05-19 22:44:55:4455 [31merror[39m: [31m[GET /api/v1/admin/users] [401] Invalid or expired token[39m
2026-05-19 22:44:55:4455 [31merror[39m: [31m[GET /api/v1/admin/locations] [401] Invalid or expired token[39m
2026-05-19 22:44:55:4455 [31merror[39m: [31m[GET /api/v1/admin/dashboard/stats] [401] Invalid or expired token[39m
2026-05-19 23:05:24:524 [31merror[39m: [31m[GET /api/v1/admin/picking/incidents] [401] Invalid or expired token[39m
2026-05-19 23:38:31:3831 [31merror[39m: [31m[GET /api/v1/admin/users] [401] Invalid or expired token[39m
2026-05-19 23:38:31:3831 [31merror[39m: [31m[GET /api/v1/admin/locations] [401] Invalid or expired token[39m
2026-05-19 23:38:31:3831 [31merror[39m: [31m[GET /api/v1/admin/dashboard/stats] [401] Invalid or expired token[39m
2026-05-19 23:44:52:4452 [31merror[39m: [31m[GET /api/v1/admin/users] [401] Invalid or expired token[39m
2026-05-19 23:44:52:4452 [31merror[39m: [31m[GET /api/v1/admin/locations] [401] Invalid or expired token[39m
2026-05-19 23:44:52:4452 [31merror[39m: [31m[GET /api/v1/admin/dashboard/stats] [401] Invalid or expired token[39m
2026-05-19 23:44:56:4456 [31merror[39m: [31m[GET /api/v1/admin/orders] [401] Invalid or expired token[39m
2026-05-19 23:44:56:4456 [31merror[39m: [31m[GET /api/v1/admin/customers?page=1&limit=200] [401] Invalid or expired token[39m
2026-05-19 23:45:17:4517 [31merror[39m: [31m[GET /api/v1/admin/users] [401] Invalid or expired token[39m
2026-05-19 23:45:17:4517 [31merror[39m: [31m[GET /api/v1/admin/locations] [401] Invalid or expired token[39m
2026-05-19 23:45:17:4517 [31merror[39m: [31m[GET /api/v1/admin/dashboard/stats] [401] Invalid or expired token[39m
2026-05-19 23:45:21:4521 [31merror[39m: [31m[GET /api/v1/admin/customers?page=1&limit=200] [401] Invalid or expired token[39m
2026-05-19 23:45:21:4521 [31merror[39m: [31m[GET /api/v1/admin/orders] [401] Invalid or expired token[39m
2026-05-19 23:45:25:4525 [31merror[39m: [31m[GET /api/v1/admin/customers?page=1&limit=200] [401] Invalid or expired token[39m
2026-05-19 23:45:25:4525 [31merror[39m: [31m[GET /api/v1/admin/orders] [401] Invalid or expired token[39m
2026-05-19 23:45:48:4548 [31merror[39m: [31m[GET /api/v1/admin/customers?page=1&limit=200] [401] Invalid or expired token[39m
2026-05-19 23:45:48:4548 [31merror[39m: [31m[GET /api/v1/admin/orders] [401] Invalid or expired token[39m
2026-05-19 23:53:32:5332 [31merror[39m: [31m[POST /api/v1/auth/customer/login] [401] Invalid email or password[39m
2026-05-20 00:12:19:1219 [31merror[39m: [31m[GET /api/v1/admin/users] [401] Invalid or expired token[39m
2026-05-20 00:12:19:1219 [31merror[39m: [31m[GET /api/v1/admin/locations] [401] Invalid or expired token[39m
2026-05-20 00:12:19:1219 [31merror[39m: [31m[GET /api/v1/admin/dashboard/stats] [401] Invalid or expired token[39m
2026-05-20 00:12:26:1226 [31merror[39m: [31m[GET /api/v1/admin/customers?page=1&limit=200] [401] Invalid or expired token[39m
2026-05-20 00:12:26:1226 [31merror[39m: [31m[GET /api/v1/admin/orders] [401] Invalid or expired token[39m
2026-05-20 00:12:56:1256 [31merror[39m: [31m[GET /api/v1/admin/users] [401] Invalid or expired token[39m
2026-05-20 00:12:56:1256 [31merror[39m: [31m[GET /api/v1/admin/locations] [401] Invalid or expired token[39m
2026-05-20 00:12:56:1256 [31merror[39m: [31m[GET /api/v1/admin/dashboard/stats] [401] Invalid or expired token[39m
2026-05-20 00:59:51:5951 [31merror[39m: [31m[POST /api/v1/auth/customer/login] [401] Invalid email or password[39m
2026-05-20 01:00:45:045 [31merror[39m: [31m[POST /api/v1/auth/user/login] [401] Invalid username or password[39m
2026-05-20 01:00:49:049 [31merror[39m: [31m[GET /api/v1/admin/picking/incidents] [403] Chỉ quản lý mới có quyền truy cập trung tâm sự cố[39m
2026-05-20 01:01:25:125 [31merror[39m: [31m[GET /api/v1/admin/picking/incidents] [403] Chỉ quản lý mới có quyền truy cập trung tâm sự cố[39m
2026-05-20 01:01:56:156 [31merror[39m: [31m[GET /api/v1/admin/picking/incidents] [403] Chỉ quản lý mới có quyền truy cập trung tâm sự cố[39m
2026-05-20 01:10:06:106 [31merror[39m: [31m[GET /api/v1/admin/picking/incidents] [403] Chỉ quản lý mới có quyền truy cập trung tâm sự cố[39m
2026-05-20 01:10:26:1026 [31merror[39m: [31m[GET /api/v1/admin/picking/incidents] [403] Chỉ quản lý mới có quyền truy cập trung tâm sự cố[39m
2026-05-20 01:14:14:1414 [31merror[39m: [31m[GET /api/v1/admin/picking/incidents] [403] Chỉ quản lý mới có quyền truy cập trung tâm sự cố[39m
2026-05-20 01:18:20:1820 [31merror[39m: [31m[GET /api/v1/admin/picking/incidents] [403] Chỉ quản lý mới có quyền truy cập trung tâm sự cố[39m
2026-05-20 01:18:29:1829 [31merror[39m: [31m[GET /api/v1/admin/picking/incidents] [403] Chỉ quản lý mới có quyền truy cập trung tâm sự cố[39m
2026-05-20 01:18:49:1849 [31merror[39m: [31m[GET /api/v1/admin/picking/incidents] [403] Chỉ quản lý mới có quyền truy cập trung tâm sự cố[39m
2026-05-20 01:22:48:2248 [31merror[39m: [31m[GET /api/v1/admin/picking/incidents] [403] Chỉ quản lý mới có quyền truy cập trung tâm sự cố[39m
2026-05-20 01:26:05:265 [31merror[39m: [31m[GET /api/v1/admin/users] [401] Invalid or expired token[39m
2026-05-20 01:26:05:265 [31merror[39m: [31m[GET /api/v1/admin/locations] [401] Invalid or expired token[39m
2026-05-20 01:26:05:265 [31merror[39m: [31m[GET /api/v1/admin/dashboard/stats] [401] Invalid or expired token[39m
2026-05-20 01:26:07:267 [31merror[39m: [31m[GET /api/v1/admin/picking/assigned] [401] Invalid or expired token[39m
2026-05-20 01:29:34:2934 [31merror[39m: [31m[GET /api/v1/admin/picking/incidents] [403] Chỉ quản lý mới có quyền truy cập trung tâm sự cố[39m
2026-05-20 01:33:15:3315 [31merror[39m: [31m[GET /api/v1/admin/picking/incidents] [403] Chỉ quản lý mới có quyền truy cập trung tâm sự cố[39m
2026-05-20 01:37:21:3721 [31merror[39m: [31m[POST /api/v1/admin/picking/pack] [400] Nhiệm vụ này đã hoàn thành trước đó[39m
2026-05-20 01:37:24:3724 [31merror[39m: [31m[GET /api/v1/admin/picking/incidents] [403] Chỉ quản lý mới có quyền truy cập trung tâm sự cố[39m
2026-05-20 01:37:36:3736 [31merror[39m: [31m[GET /api/v1/admin/picking/assigned] [401] Invalid or expired token[39m
2026-05-20 01:37:41:3741 [31merror[39m: [31m[GET /api/v1/admin/picking/incidents] [401] Invalid or expired token[39m
2026-05-20 01:37:50:3750 [31merror[39m: [31m[GET /api/v1/admin/picking/incidents] [403] Chỉ quản lý mới có quyền truy cập trung tâm sự cố[39m
2026-05-20 01:37:59:3759 [31merror[39m: [31m[GET /api/v1/admin/picking/assigned] [401] Invalid or expired token[39m
2026-05-20 01:38:00:380 [31merror[39m: [31m[GET /api/v1/admin/picking/assigned] [401] Invalid or expired token[39m
2026-05-20 01:38:02:382 [31merror[39m: [31m[GET /api/v1/admin/picking/assigned] [401] Invalid or expired token[39m
2026-05-20 01:38:36:3836 [31merror[39m: [31m[GET /api/v1/admin/picking/incidents] [403] Chỉ quản lý mới có quyền truy cập trung tâm sự cố[39m
2026-05-20 01:39:32:3932 [31merror[39m: [31m[GET /api/v1/admin/picking/incidents] [403] Chỉ quản lý mới có quyền truy cập trung tâm sự cố[39m
2026-05-20 01:40:12:4012 [31merror[39m: [31m[GET /api/v1/admin/picking/assigned] [401] Invalid or expired token[39m
2026-05-20 01:40:13:4013 [31merror[39m: [31m[GET /api/v1/admin/picking/assigned] [401] Invalid or expired token[39m
2026-05-20 01:40:15:4015 [31merror[39m: [31m[GET /api/v1/admin/users] [401] Invalid or expired token[39m
2026-05-20 01:40:15:4015 [31merror[39m: [31m[GET /api/v1/admin/locations] [401] Invalid or expired token[39m
2026-05-20 01:40:15:4015 [31merror[39m: [31m[GET /api/v1/admin/dashboard/stats] [401] Invalid or expired token[39m
2026-05-20 01:40:17:4017 [31merror[39m: [31m[GET /api/v1/admin/picking/assigned] [401] Invalid or expired token[39m
2026-05-20 01:40:18:4018 [31merror[39m: [31m[GET /api/v1/admin/picking/assigned] [401] Invalid or expired token[39m
2026-05-20 01:40:18:4018 [31merror[39m: [31m[GET /api/v1/admin/picking/assigned] [401] Invalid or expired token[39m
2026-05-20 01:40:21:4021 [31merror[39m: [31m[GET /api/v1/admin/picking/assigned] [401] Invalid or expired token[39m
2026-05-20 01:41:33:4133 [31merror[39m: [31m[GET /api/v1/admin/users/me] [401] Invalid or expired token[39m
2026-05-20 01:41:33:4133 [31merror[39m: [31m[GET /api/v1/admin/users/me] [401] Invalid or expired token[39m
2026-05-20 01:41:33:4133 [31merror[39m: [31m[GET /api/v1/admin/picking/assigned] [401] Invalid or expired token[39m
2026-05-20 01:41:33:4133 [31merror[39m: [31m[GET /api/v1/admin/picking/assigned] [401] Invalid or expired token[39m
2026-05-20 01:41:49:4149 [31merror[39m: [31m[GET /api/v1/admin/picking/assigned] [401] Invalid or expired token[39m
2026-05-20 01:41:49:4149 [31merror[39m: [31m[GET /api/v1/admin/picking/assigned] [401] Invalid or expired token[39m
2026-05-20 01:41:51:4151 [31merror[39m: [31m[GET /api/v1/admin/users/me] [401] Invalid or expired token[39m
2026-05-20 01:41:51:4151 [31merror[39m: [31m[GET /api/v1/admin/picking/assigned] [401] Invalid or expired token[39m
2026-05-20 01:41:53:4153 [31merror[39m: [31m[GET /api/v1/admin/picking/assigned] [401] Invalid or expired token[39m
2026-05-20 01:41:53:4153 [31merror[39m: [31m[GET /api/v1/admin/picking/assigned] [401] Invalid or expired token[39m
2026-05-20 01:41:55:4155 [31merror[39m: [31m[GET /api/v1/admin/users/me] [401] Invalid or expired token[39m
2026-05-20 01:41:55:4155 [31merror[39m: [31m[GET /api/v1/admin/picking/assigned] [401] Invalid or expired token[39m
2026-05-20 01:42:31:4231 [31merror[39m: [31m[GET /api/v1/admin/users/me] [401] Invalid or expired token[39m
2026-05-20 01:42:31:4231 [31merror[39m: [31m[GET /api/v1/admin/picking/assigned] [401] Invalid or expired token[39m
2026-05-20 01:42:40:4240 [31merror[39m: [31m[GET /api/v1/admin/picking/assigned] [401] Invalid or expired token[39m
2026-05-20 01:42:40:4240 [31merror[39m: [31m[GET /api/v1/admin/picking/assigned] [401] Invalid or expired token[39m
2026-05-20 01:42:45:4245 [31merror[39m: [31m[GET /api/v1/admin/picking/assigned] [401] Invalid or expired token[39m
2026-05-20 01:42:45:4245 [31merror[39m: [31m[GET /api/v1/admin/picking/incidents] [401] Invalid or expired token[39m
2026-05-20 01:42:46:4246 [31merror[39m: [31m[GET /api/v1/admin/users/me] [401] Invalid or expired token[39m
2026-05-20 01:42:46:4246 [31merror[39m: [31m[GET /api/v1/admin/picking/assigned] [401] Invalid or expired token[39m
2026-05-20 01:42:58:4258 [31merror[39m: [31m[GET /api/v1/admin/picking/assigned] [401] Invalid or expired token[39m
2026-05-20 01:42:58:4258 [31merror[39m: [31m[GET /api/v1/admin/picking/assigned] [401] Invalid or expired token[39m
2026-05-20 01:42:59:4259 [31merror[39m: [31m[GET /api/v1/admin/users/me] [401] Invalid or expired token[39m
2026-05-20 01:42:59:4259 [31merror[39m: [31m[GET /api/v1/admin/picking/assigned] [401] Invalid or expired token[39m
2026-05-20 01:43:02:432 [31merror[39m: [31m[GET /api/v1/admin/picking/assigned] [401] Invalid or expired token[39m
2026-05-20 01:43:02:432 [31merror[39m: [31m[GET /api/v1/admin/picking/assigned] [401] Invalid or expired token[39m
2026-05-20 01:43:04:434 [31merror[39m: [31m[GET /api/v1/admin/users/me] [401] Invalid or expired token[39m
2026-05-20 01:43:04:434 [31merror[39m: [31m[GET /api/v1/admin/picking/assigned] [401] Invalid or expired token[39m
2026-05-20 01:44:11:4411 [31merror[39m: [31m[GET /api/v1/admin/users] [401] Invalid or expired token[39m
2026-05-20 01:44:11:4411 [31merror[39m: [31m[GET /api/v1/admin/locations] [401] Invalid or expired token[39m
2026-05-20 01:44:11:4411 [31merror[39m: [31m[GET /api/v1/admin/dashboard/stats] [401] Invalid or expired token[39m
2026-05-20 01:44:13:4413 [31merror[39m: [31m[GET /api/v1/admin/users/me] [401] Invalid or expired token[39m
2026-05-20 01:44:13:4413 [31merror[39m: [31m[GET /api/v1/admin/picking/assigned] [401] Invalid or expired token[39m
2026-05-20 01:45:40:4540 [31merror[39m: [31m[GET /api/v1/admin/orders] [401] Invalid or expired token[39m
2026-05-20 01:45:43:4543 [31merror[39m: [31m[GET /api/v1/admin/users] [401] Invalid or expired token[39m
2026-05-20 01:45:43:4543 [31merror[39m: [31m[GET /api/v1/admin/locations] [401] Invalid or expired token[39m
2026-05-20 01:45:43:4543 [31merror[39m: [31m[GET /api/v1/admin/dashboard/stats] [401] Invalid or expired token[39m
2026-05-20 01:45:50:4550 [31merror[39m: [31m[GET /api/v1/admin/users] [401] Invalid or expired token[39m
2026-05-20 01:45:50:4550 [31merror[39m: [31m[GET /api/v1/admin/locations] [401] Invalid or expired token[39m
2026-05-20 01:45:50:4550 [31merror[39m: [31m[GET /api/v1/admin/dashboard/stats] [401] Invalid or expired token[39m
2026-05-20 01:46:00:460 [31merror[39m: [31m[GET /api/v1/admin/users/me] [401] Invalid or expired token[39m
2026-05-20 01:46:39:4639 [31merror[39m: [31m[GET /api/v1/admin/users] [401] Invalid or expired token[39m
2026-05-20 01:46:39:4639 [31merror[39m: [31m[GET /api/v1/admin/locations] [401] Invalid or expired token[39m
2026-05-20 01:46:39:4639 [31merror[39m: [31m[GET /api/v1/admin/dashboard/stats] [401] Invalid or expired token[39m
2026-05-20 01:47:12:4712 [31merror[39m: [31m[GET /api/v1/admin/users] [401] Invalid or expired token[39m
2026-05-20 01:47:12:4712 [31merror[39m: [31m[GET /api/v1/admin/locations] [401] Invalid or expired token[39m
2026-05-20 01:47:12:4712 [31merror[39m: [31m[GET /api/v1/admin/dashboard/stats] [401] Invalid or expired token[39m
2026-05-20 01:48:28:4828 [31merror[39m: [31m[GET /api/v1/admin/users/me] [401] Invalid or expired token[39m
2026-05-20 01:48:28:4828 [31merror[39m: [31m[GET /api/v1/admin/users/me] [401] Invalid or expired token[39m
2026-05-20 01:48:28:4828 [31merror[39m: [31m[GET /api/v1/admin/picking/assigned] [401] Invalid or expired token[39m
2026-05-20 01:48:28:4828 [31merror[39m: [31m[GET /api/v1/admin/picking/assigned] [401] Invalid or expired token[39m
2026-05-20 01:48:43:4843 [31merror[39m: [31m[GET /api/v1/admin/users/me] [401] Invalid or expired token[39m
2026-05-20 01:48:58:4858 [31merror[39m: [31m[GET /api/v1/admin/picking/incidents] [403] Chỉ quản lý mới có quyền truy cập trung tâm sự cố[39m
2026-05-20 02:02:30:230 [31merror[39m: [31m[GET /api/v1/admin/users/me] [401] Invalid or expired token[39m
2026-05-20 02:02:30:230 [31merror[39m: [31m[GET /api/v1/admin/picking/assigned] [401] Invalid or expired token[39m
2026-05-20 02:02:31:231 [31merror[39m: [31m[GET /api/v1/admin/users/me] [401] Invalid or expired token[39m
2026-05-20 02:02:31:231 [31merror[39m: [31m[GET /api/v1/admin/picking/assigned] [401] Invalid or expired token[39m
2026-05-20 02:02:32:232 [31merror[39m: [31m[GET /api/v1/admin/users/me] [401] Invalid or expired token[39m
2026-05-20 02:02:32:232 [31merror[39m: [31m[GET /api/v1/admin/picking/assigned] [401] Invalid or expired token[39m
2026-05-20 02:02:33:233 [31merror[39m: [31m[GET /api/v1/admin/users] [401] Invalid or expired token[39m
2026-05-20 02:02:33:233 [31merror[39m: [31m[GET /api/v1/admin/locations] [401] Invalid or expired token[39m
2026-05-20 02:02:33:233 [31merror[39m: [31m[GET /api/v1/admin/dashboard/stats] [401] Invalid or expired token[39m
2026-05-20 02:02:34:234 [31merror[39m: [31m[GET /api/v1/admin/users/me] [401] Invalid or expired token[39m
2026-05-20 02:02:34:234 [31merror[39m: [31m[GET /api/v1/admin/picking/assigned] [401] Invalid or expired token[39m
2026-05-20 02:02:34:234 [31merror[39m: [31m[GET /api/v1/admin/users] [401] Invalid or expired token[39m
2026-05-20 02:02:34:234 [31merror[39m: [31m[GET /api/v1/admin/locations] [401] Invalid or expired token[39m
2026-05-20 02:02:34:234 [31merror[39m: [31m[GET /api/v1/admin/dashboard/stats] [401] Invalid or expired token[39m
2026-05-20 02:02:36:236 [31merror[39m: [31m[GET /api/v1/admin/users/me] [401] Invalid or expired token[39m
2026-05-20 02:02:36:236 [31merror[39m: [31m[GET /api/v1/admin/picking/assigned] [401] Invalid or expired token[39m
2026-05-20 02:02:36:236 [31merror[39m: [31m[GET /api/v1/admin/orders] [401] Invalid or expired token[39m
2026-05-20 02:02:40:240 [31merror[39m: [31m[GET /api/v1/admin/users/me] [401] Invalid or expired token[39m
2026-05-20 02:02:40:240 [31merror[39m: [31m[GET /api/v1/admin/picking/assigned] [401] Invalid or expired token[39m
2026-05-20 02:05:58:558 [31merror[39m: [31m[GET /api/v1/admin/users/me] [401] Invalid or expired token[39m
2026-05-20 02:05:58:558 [31merror[39m: [31m[GET /api/v1/admin/users/me] [401] Invalid or expired token[39m
2026-05-20 02:05:58:558 [31merror[39m: [31m[GET /api/v1/admin/picking/assigned] [401] Invalid or expired token[39m
2026-05-20 02:05:58:558 [31merror[39m: [31m[GET /api/v1/admin/picking/assigned] [401] Invalid or expired token[39m
2026-05-20 02:06:03:63 [31merror[39m: [31m[GET /api/v1/admin/users] [401] Invalid or expired token[39m
2026-05-20 02:06:03:63 [31merror[39m: [31m[GET /api/v1/admin/locations] [401] Invalid or expired token[39m
2026-05-20 02:06:03:63 [31merror[39m: [31m[GET /api/v1/admin/dashboard/stats] [401] Invalid or expired token[39m
2026-05-20 02:06:05:65 [31merror[39m: [31m[GET /api/v1/admin/users/me] [401] Invalid or expired token[39m
2026-05-20 02:06:05:65 [31merror[39m: [31m[GET /api/v1/admin/picking/assigned] [401] Invalid or expired token[39m
2026-05-20 02:06:13:613 [31merror[39m: [31m[GET /api/v1/admin/users/me] [401] Invalid or expired token[39m
2026-05-20 02:06:16:616 [31merror[39m: [31m[GET /api/v1/admin/users/me] [401] Invalid or expired token[39m
2026-05-20 02:06:16:616 [31merror[39m: [31m[GET /api/v1/admin/picking/assigned] [401] Invalid or expired token[39m
2026-05-20 02:06:20:620 [31merror[39m: [31m[GET /api/v1/admin/users/me] [401] Invalid or expired token[39m
2026-05-20 02:06:22:622 [31merror[39m: [31m[GET /api/v1/admin/users/me] [401] Invalid or expired token[39m
2026-05-20 02:06:22:622 [31merror[39m: [31m[GET /api/v1/admin/picking/assigned] [401] Invalid or expired token[39m
2026-05-20 02:06:25:625 [31merror[39m: [31m[GET /api/v1/admin/users/me] [401] Invalid or expired token[39m
2026-05-20 02:06:26:626 [31merror[39m: [31m[GET /api/v1/admin/picking/assigned] [401] Invalid or expired token[39m
2026-05-20 02:07:30:730 [31merror[39m: [31m[GET /api/v1/admin/dashboard/stats] [401] Invalid or expired token[39m
2026-05-20 02:29:59:2959 [31merror[39m: [31m[GET /api/v1/admin/dashboard/stats] [401] Invalid or expired token[39m
2026-05-20 02:30:10:3010 [31merror[39m: [31m[GET /api/v1/admin/dashboard/stats] [401] Invalid or expired token[39m
2026-05-20 02:30:16:3016 [31merror[39m: [31m[GET /api/v1/admin/dashboard/stats] [401] Invalid or expired token[39m
2026-05-20 02:30:44:3044 [31merror[39m: [31m[GET /api/v1/admin/containers] [401] Invalid or expired token[39m
2026-05-20 20:43:36:4336 [31merror[39m: [31m[POST /api/v1/auth/user/login] [401] Invalid username or password[39m
2026-05-20 21:01:23:123 [31merror[39m: [31m[GET /api/v1/admin/picking/incidents] [403] Chỉ quản lý mới có quyền truy cập trung tâm sự cố[39m
2026-05-20 21:01:27:127 [31merror[39m: [31m[GET /api/v1/admin/picking/incidents] [403] Chỉ quản lý mới có quyền truy cập trung tâm sự cố[39m
2026-05-20 21:01:42:142 [31merror[39m: [31m[GET /api/v1/admin/picking/incidents] [403] Chỉ quản lý mới có quyền truy cập trung tâm sự cố[39m
2026-05-20 21:11:06:116 [31merror[39m: [31m[POST /api/v1/admin/picking/incident] [413] request entity too large[39m
2026-05-20 21:11:21:1121 [31merror[39m: [31m[POST /api/v1/admin/picking/incident] [413] request entity too large[39m
2026-05-20 21:12:47:1247 [31merror[39m: [31m[POST /api/v1/admin/picking/incident] [500] Data too long for column 'photo_url' at row 1[39m
2026-05-20 21:12:47:1247 [31merror[39m: [31mQueryFailedError: Data too long for column 'photo_url' at row 1[39m
[31m    at Query.onResult (/Users/hohoangson/Documents/my_study/Application_v1/backend/node_modules/typeorm/src/driver/mysql/MysqlQueryRunner.ts:248:33)[39m
[31m    at Query.execute (/Users/hohoangson/Documents/my_study/Application_v1/backend/node_modules/mysql2/lib/commands/command.js:36:14)[39m
[31m    at PoolConnection.handlePacket (/Users/hohoangson/Documents/my_study/Application_v1/backend/node_modules/mysql2/lib/base/connection.js:552:34)[39m
[31m    at PacketParser.onPacket (/Users/hohoangson/Documents/my_study/Application_v1/backend/node_modules/mysql2/lib/base/connection.js:102:12)[39m
[31m    at PacketParser.executeStart (/Users/hohoangson/Documents/my_study/Application_v1/backend/node_modules/mysql2/lib/packet_parser.js:75:16)[39m
[31m    at Socket.<anonymous> (/Users/hohoangson/Documents/my_study/Application_v1/backend/node_modules/mysql2/lib/base/connection.js:109:25)[39m
[31m    at Socket.emit (node:events:519:28)[39m
[31m    at Socket.emit (node:domain:489:12)[39m
[31m    at addChunk (node:internal/streams/readable:561:12)[39m
[31m    at readableAddChunkPushByteMode (node:internal/streams/readable:512:3)[39m
2026-05-20 21:13:18:1318 [31merror[39m: [31m[POST /api/v1/admin/picking/incident] [500] Data too long for column 'photo_url' at row 1[39m
2026-05-20 21:13:18:1318 [31merror[39m: [31mQueryFailedError: Data too long for column 'photo_url' at row 1[39m
[31m    at Query.onResult (/Users/hohoangson/Documents/my_study/Application_v1/backend/node_modules/typeorm/src/driver/mysql/MysqlQueryRunner.ts:248:33)[39m
[31m    at Query.execute (/Users/hohoangson/Documents/my_study/Application_v1/backend/node_modules/mysql2/lib/commands/command.js:36:14)[39m
[31m    at PoolConnection.handlePacket (/Users/hohoangson/Documents/my_study/Application_v1/backend/node_modules/mysql2/lib/base/connection.js:552:34)[39m
[31m    at PacketParser.onPacket (/Users/hohoangson/Documents/my_study/Application_v1/backend/node_modules/mysql2/lib/base/connection.js:102:12)[39m
[31m    at PacketParser.executeStart (/Users/hohoangson/Documents/my_study/Application_v1/backend/node_modules/mysql2/lib/packet_parser.js:75:16)[39m
[31m    at Socket.<anonymous> (/Users/hohoangson/Documents/my_study/Application_v1/backend/node_modules/mysql2/lib/base/connection.js:109:25)[39m
[31m    at Socket.emit (node:events:519:28)[39m
[31m    at Socket.emit (node:domain:489:12)[39m
[31m    at addChunk (node:internal/streams/readable:561:12)[39m
[31m    at readableAddChunkPushByteMode (node:internal/streams/readable:512:3)[39m
2026-05-20 21:14:26:1426 [31merror[39m: [31m[POST /api/v1/admin/picking/incident] [500] Data too long for column 'photo_url' at row 1[39m
2026-05-20 21:14:26:1426 [31merror[39m: [31mQueryFailedError: Data too long for column 'photo_url' at row 1[39m
[31m    at Query.onResult (/Users/hohoangson/Documents/my_study/Application_v1/backend/node_modules/typeorm/src/driver/mysql/MysqlQueryRunner.ts:248:33)[39m
[31m    at Query.execute (/Users/hohoangson/Documents/my_study/Application_v1/backend/node_modules/mysql2/lib/commands/command.js:36:14)[39m
[31m    at PoolConnection.handlePacket (/Users/hohoangson/Documents/my_study/Application_v1/backend/node_modules/mysql2/lib/base/connection.js:552:34)[39m
[31m    at PacketParser.onPacket (/Users/hohoangson/Documents/my_study/Application_v1/backend/node_modules/mysql2/lib/base/connection.js:102:12)[39m
[31m    at PacketParser.executeStart (/Users/hohoangson/Documents/my_study/Application_v1/backend/node_modules/mysql2/lib/packet_parser.js:75:16)[39m
[31m    at Socket.<anonymous> (/Users/hohoangson/Documents/my_study/Application_v1/backend/node_modules/mysql2/lib/base/connection.js:109:25)[39m
[31m    at Socket.emit (node:events:519:28)[39m
[31m    at Socket.emit (node:domain:489:12)[39m
[31m    at addChunk (node:internal/streams/readable:561:12)[39m
[31m    at readableAddChunkPushByteMode (node:internal/streams/readable:512:3)[39m
2026-05-20 21:36:27:3627 [31merror[39m: [31m[POST /api/v1/auth/user/login] [401] Invalid username or password[39m
2026-05-20 21:53:22:5322 [31merror[39m: [31m[GET /api/v1/admin/users/me] [401] Invalid or expired token[39m
2026-05-20 21:53:22:5322 [31merror[39m: [31m[GET /api/v1/admin/picking/assigned] [401] Invalid or expired token[39m
2026-05-20 21:53:24:5324 [31merror[39m: [31m[GET /api/v1/admin/picking/assigned] [401] Invalid or expired token[39m
2026-05-20 21:53:27:5327 [31merror[39m: [31m[GET /api/v1/admin/users/me] [401] Invalid or expired token[39m
2026-05-20 21:53:27:5327 [31merror[39m: [31m[GET /api/v1/admin/picking/assigned] [401] Invalid or expired token[39m
2026-05-20 21:53:27:5327 [31merror[39m: [31m[GET /api/v1/admin/users/me] [401] Invalid or expired token[39m
2026-05-20 21:53:27:5327 [31merror[39m: [31m[GET /api/v1/admin/picking/assigned] [401] Invalid or expired token[39m
2026-05-20 21:53:29:5329 [31merror[39m: [31m[GET /api/v1/admin/picking/assigned] [401] Invalid or expired token[39m
2026-05-20 21:53:29:5329 [31merror[39m: [31m[GET /api/v1/admin/picking/assigned] [401] Invalid or expired token[39m
2026-05-20 21:53:35:5335 [31merror[39m: [31m[GET /api/v1/admin/users/me] [401] Invalid or expired token[39m
2026-05-20 21:53:35:5335 [31merror[39m: [31m[GET /api/v1/admin/picking/assigned] [401] Invalid or expired token[39m
2026-05-20 21:53:36:5336 [31merror[39m: [31m[GET /api/v1/admin/users/me] [401] Invalid or expired token[39m
2026-05-20 21:53:36:5336 [31merror[39m: [31m[GET /api/v1/admin/picking/assigned] [401] Invalid or expired token[39m
2026-05-20 21:53:46:5346 [31merror[39m: [31m[GET /api/v1/admin/picking/assigned] [401] Invalid or expired token[39m
2026-05-20 21:53:50:5350 [31merror[39m: [31m[GET /api/v1/admin/users/me] [401] Invalid or expired token[39m
2026-05-20 21:53:50:5350 [31merror[39m: [31m[GET /api/v1/admin/picking/assigned] [401] Invalid or expired token[39m
2026-05-20 21:53:50:5350 [31merror[39m: [31m[GET /api/v1/admin/picking/assigned] [401] Invalid or expired token[39m
2026-05-20 21:53:53:5353 [31merror[39m: [31m[GET /api/v1/admin/users/me] [401] Invalid or expired token[39m
2026-05-20 21:53:53:5353 [31merror[39m: [31m[GET /api/v1/admin/picking/assigned] [401] Invalid or expired token[39m
2026-05-20 21:54:11:5411 [31merror[39m: [31m[GET /api/v1/admin/users/me] [401] Invalid or expired token[39m
2026-05-20 21:54:11:5411 [31merror[39m: [31m[GET /api/v1/admin/users/me] [401] Invalid or expired token[39m
2026-05-20 21:54:11:5411 [31merror[39m: [31m[GET /api/v1/admin/picking/assigned] [401] Invalid or expired token[39m
2026-05-20 21:54:11:5411 [31merror[39m: [31m[GET /api/v1/admin/picking/assigned] [401] Invalid or expired token[39m
2026-05-20 21:54:12:5412 [31merror[39m: [31m[GET /api/v1/admin/picking/assigned] [401] Invalid or expired token[39m
2026-05-20 21:55:04:554 [31merror[39m: [31m[GET /api/v1/admin/users/me] [401] Invalid or expired token[39m
2026-05-20 21:55:04:554 [31merror[39m: [31m[GET /api/v1/admin/users/me] [401] Invalid or expired token[39m
2026-05-20 21:55:05:555 [31merror[39m: [31m[GET /api/v1/admin/picking/assigned] [401] Invalid or expired token[39m
2026-05-20 21:55:05:555 [31merror[39m: [31m[GET /api/v1/admin/picking/assigned] [401] Invalid or expired token[39m
2026-05-20 21:55:05:555 [31merror[39m: [31m[GET /api/v1/admin/picking/assigned] [401] Invalid or expired token[39m
2026-05-20 21:56:33:5633 [31merror[39m: [31m[GET /api/v1/admin/users/me] [401] Invalid or expired token[39m
2026-05-20 21:59:03:593 [31merror[39m: [31m[GET /api/v1/admin/picking/assigned] [401] Invalid or expired token[39m
2026-05-20 22:00:11:011 [31merror[39m: [31m[GET /api/v1/admin/users/me] [401] Invalid or expired token[39m
2026-05-20 22:00:11:011 [31merror[39m: [31m[GET /api/v1/admin/picking/assigned] [401] Invalid or expired token[39m
2026-05-20 22:19:34:1934 [31merror[39m: [31m[POST /api/v1/auth/customer/login] [401] Invalid email or password[39m
2026-05-20 22:19:39:1939 [31merror[39m: [31m[POST /api/v1/auth/customer/login] [401] Invalid email or password[39m
2026-05-20 22:20:02:202 [31merror[39m: [31m[POST /api/v1/auth/customer/login] [401] Invalid email or password[39m
2026-05-20 22:20:16:2016 [31merror[39m: [31m[POST /api/v1/auth/customer/login] [400] email must be a valid email[39m
2026-05-20 22:23:24:2324 [31merror[39m: [31m[POST /api/v1/auth/user/login] [401] Invalid username or password[39m
2026-05-20 22:23:32:2332 [31merror[39m: [31m[POST /api/v1/auth/user/login] [401] Invalid username or password[39m
2026-05-20 22:23:40:2340 [31merror[39m: [31m[POST /api/v1/auth/user/login] [401] Invalid username or password[39m
2026-05-20 22:23:42:2342 [31merror[39m: [31m[POST /api/v1/auth/user/login] [401] Invalid username or password[39m
2026-05-20 22:27:27:2727 [31merror[39m: [31m[GET /api/v1/admin/picking/assigned] [401] Invalid or expired token[39m
2026-05-20 22:27:31:2731 [31merror[39m: [31m[GET /api/v1/admin/picking/incidents] [401] Invalid or expired token[39m
2026-05-20 22:27:36:2736 [31merror[39m: [31m[GET /api/v1/admin/users/me] [401] Invalid or expired token[39m
2026-05-20 22:27:52:2752 [31merror[39m: [31m[GET /api/v1/admin/users/me] [401] Invalid or expired token[39m
2026-05-20 22:27:52:2752 [31merror[39m: [31m[GET /api/v1/admin/users/me] [401] Invalid or expired token[39m
2026-05-20 22:27:52:2752 [31merror[39m: [31m[GET /api/v1/admin/picking/assigned] [401] Invalid or expired token[39m
2026-05-20 22:27:52:2752 [31merror[39m: [31m[GET /api/v1/admin/picking/assigned] [401] Invalid or expired token[39m
2026-05-20 22:27:55:2755 [31merror[39m: [31m[GET /api/v1/admin/users/me] [401] Invalid or expired token[39m
2026-05-20 22:28:55:2855 [31merror[39m: [31m[GET /api/v1/admin/users/me] [401] Invalid or expired token[39m
2026-05-20 22:28:55:2855 [31merror[39m: [31m[GET /api/v1/admin/users/me] [401] Invalid or expired token[39m
2026-05-20 22:28:55:2855 [31merror[39m: [31m[GET /api/v1/admin/picking/assigned] [401] Invalid or expired token[39m
2026-05-20 22:28:55:2855 [31merror[39m: [31m[GET /api/v1/admin/picking/assigned] [401] Invalid or expired token[39m
2026-05-20 22:29:09:299 [31merror[39m: [31m[GET /api/v1/admin/picking/assigned] [401] Invalid or expired token[39m
2026-05-20 22:53:13:5313 [31merror[39m: [31m[GET /api/v1/admin/users/me] [401] Invalid or expired token[39m
2026-05-20 22:53:14:5314 [31merror[39m: [31m[GET /api/v1/admin/picking/assigned] [401] Invalid or expired token[39m
2026-05-20 22:53:17:5317 [31merror[39m: [31m[GET /api/v1/admin/picking/assigned] [401] Invalid or expired token[39m
2026-05-20 22:53:20:5320 [31merror[39m: [31m[GET /api/v1/admin/users/me] [401] Invalid or expired token[39m
2026-05-20 22:53:20:5320 [31merror[39m: [31m[GET /api/v1/admin/users/me] [401] Invalid or expired token[39m
2026-05-20 22:53:20:5320 [31merror[39m: [31m[GET /api/v1/admin/picking/assigned] [401] Invalid or expired token[39m
2026-05-20 22:53:20:5320 [31merror[39m: [31m[GET /api/v1/admin/picking/assigned] [401] Invalid or expired token[39m
2026-05-20 22:54:37:5437 [31merror[39m: [31m[GET /api/v1/admin/users/me] [401] Invalid or expired token[39m
2026-05-20 22:55:10:5510 [31merror[39m: [31m[GET /api/v1/admin/picking/assigned] [401] Invalid or expired token[39m
2026-05-20 22:55:10:5510 [31merror[39m: [31m[GET /api/v1/admin/picking/assigned] [401] Invalid or expired token[39m
2026-05-20 22:55:13:5513 [31merror[39m: [31m[GET /api/v1/admin/users/me] [401] Invalid or expired token[39m
2026-05-20 22:55:13:5513 [31merror[39m: [31m[GET /api/v1/admin/picking/assigned] [401] Invalid or expired token[39m
2026-05-20 22:55:15:5515 [31merror[39m: [31m[GET /api/v1/admin/picking/assigned] [401] Invalid or expired token[39m
2026-05-20 22:55:15:5515 [31merror[39m: [31m[GET /api/v1/admin/picking/assigned] [401] Invalid or expired token[39m
2026-05-20 22:55:16:5516 [31merror[39m: [31m[GET /api/v1/admin/users/me] [401] Invalid or expired token[39m
2026-05-20 22:55:17:5517 [31merror[39m: [31m[GET /api/v1/admin/picking/assigned] [401] Invalid or expired token[39m
2026-05-20 22:55:20:5520 [31merror[39m: [31m[GET /api/v1/admin/picking/assigned] [401] Invalid or expired token[39m
2026-05-20 22:55:22:5522 [31merror[39m: [31m[GET /api/v1/admin/users/me] [401] Invalid or expired token[39m
2026-05-20 22:55:22:5522 [31merror[39m: [31m[GET /api/v1/admin/users/me] [401] Invalid or expired token[39m
2026-05-20 22:55:22:5522 [31merror[39m: [31m[GET /api/v1/admin/picking/assigned] [401] Invalid or expired token[39m
2026-05-20 22:55:22:5522 [31merror[39m: [31m[GET /api/v1/admin/picking/assigned] [401] Invalid or expired token[39m
2026-05-20 22:55:23:5523 [31merror[39m: [31m[GET /api/v1/admin/picking/incidents] [401] Invalid or expired token[39m
2026-05-20 22:55:25:5525 [31merror[39m: [31m[GET /api/v1/admin/users/me] [401] Invalid or expired token[39m
2026-05-20 22:55:26:5526 [31merror[39m: [31m[GET /api/v1/admin/picking/incidents] [401] Invalid or expired token[39m
2026-05-20 22:55:27:5527 [31merror[39m: [31m[GET /api/v1/admin/picking/assigned] [401] Invalid or expired token[39m
2026-05-20 22:55:43:5543 [31merror[39m: [31m[GET /api/v1/admin/users/me] [401] Invalid or expired token[39m
2026-05-20 22:55:43:5543 [31merror[39m: [31m[GET /api/v1/admin/users/me] [401] Invalid or expired token[39m
2026-05-20 22:55:43:5543 [31merror[39m: [31m[GET /api/v1/admin/picking/assigned] [401] Invalid or expired token[39m
2026-05-20 22:55:43:5543 [31merror[39m: [31m[GET /api/v1/admin/picking/assigned] [401] Invalid or expired token[39m
2026-05-20 22:58:27:5827 [31merror[39m: [31m[GET /api/v1/admin/picking/assigned] [401] Invalid or expired token[39m
2026-05-20 22:58:30:5830 [31merror[39m: [31m[GET /api/v1/admin/users/me] [401] Invalid or expired token[39m
2026-05-20 22:58:30:5830 [31merror[39m: [31m[GET /api/v1/admin/users/me] [401] Invalid or expired token[39m
2026-05-20 22:58:30:5830 [31merror[39m: [31m[GET /api/v1/admin/picking/assigned] [401] Invalid or expired token[39m
2026-05-20 22:58:30:5830 [31merror[39m: [31m[GET /api/v1/admin/picking/assigned] [401] Invalid or expired token[39m
2026-05-20 22:58:43:5843 [31merror[39m: [31m[POST /api/v1/auth/user/login] [401] Invalid username or password[39m
2026-05-20 22:58:45:5845 [31merror[39m: [31m[POST /api/v1/auth/user/login] [401] Invalid username or password[39m
2026-05-20 22:58:47:5847 [31merror[39m: [31m[POST /api/v1/auth/user/login] [401] Invalid username or password[39m
2026-05-20 22:58:53:5853 [31merror[39m: [31m[POST /api/v1/auth/user/login] [401] Invalid username or password[39m
2026-05-20 22:59:03:593 [31merror[39m: [31m[POST /api/v1/auth/user/login] [401] Invalid username or password[39m
2026-05-20 22:59:05:595 [31merror[39m: [31m[POST /api/v1/auth/user/login] [401] Invalid username or password[39m
2026-05-20 22:59:20:5920 [31merror[39m: [31m[POST /api/v1/auth/user/login] [401] Invalid username or password[39m
2026-05-20 22:59:25:5925 [31merror[39m: [31m[GET /api/v1/admin/picking/assigned] [401] Invalid or expired token[39m
2026-05-20 22:59:27:5927 [31merror[39m: [31m[GET /api/v1/admin/users/me] [401] Invalid or expired token[39m
2026-05-20 22:59:27:5927 [31merror[39m: [31m[GET /api/v1/admin/users/me] [401] Invalid or expired token[39m
2026-05-20 22:59:28:5928 [31merror[39m: [31m[GET /api/v1/admin/picking/assigned] [401] Invalid or expired token[39m
2026-05-20 22:59:28:5928 [31merror[39m: [31m[GET /api/v1/admin/picking/assigned] [401] Invalid or expired token[39m
2026-05-20 22:59:40:5940 [31merror[39m: [31m[POST /api/v1/auth/user/login] [401] Invalid username or password[39m
2026-05-20 22:59:46:5946 [31merror[39m: [31m[POST /api/v1/auth/user/login] [401] Invalid username or password[39m
2026-05-20 23:00:00:00 [31merror[39m: [31m[POST /api/v1/auth/user/login] [401] Invalid username or password[39m
2026-05-20 23:01:18:118 [31merror[39m: [31m[POST /api/v1/auth/user/login] [401] Invalid username or password[39m
2026-05-20 23:01:23:123 [31merror[39m: [31m[POST /api/v1/auth/user/login] [401] Invalid username or password[39m
2026-05-20 23:27:08:278 [31merror[39m: [31m[GET /api/v1/admin/picking/assigned] [401] Invalid or expired token[39m
2026-05-20 23:27:10:2710 [31merror[39m: [31m[GET /api/v1/admin/users/me] [401] Invalid or expired token[39m
2026-05-20 23:27:10:2710 [31merror[39m: [31m[GET /api/v1/admin/users/me] [401] Invalid or expired token[39m
2026-05-20 23:27:10:2710 [31merror[39m: [31m[GET /api/v1/admin/picking/assigned] [401] Invalid or expired token[39m
2026-05-20 23:27:10:2710 [31merror[39m: [31m[GET /api/v1/admin/picking/assigned] [401] Invalid or expired token[39m
2026-05-20 23:27:13:2713 [31merror[39m: [31m[GET /api/v1/admin/picking/incidents] [401] Invalid or expired token[39m
2026-05-21 00:08:36:836 [31merror[39m: [31m[GET /api/v1/admin/picking/assigned] [401] Invalid or expired token[39m
2026-05-21 00:10:31:1031 [31merror[39m: [31m[GET /api/v1/admin/users/me] [401] Invalid or expired token[39m
2026-05-21 00:10:31:1031 [31merror[39m: [31m[GET /api/v1/admin/users/me] [401] Invalid or expired token[39m
2026-05-21 00:10:31:1031 [31merror[39m: [31m[GET /api/v1/admin/picking/assigned] [401] Invalid or expired token[39m
2026-05-21 00:10:31:1031 [31merror[39m: [31m[GET /api/v1/admin/picking/assigned] [401] Invalid or expired token[39m
2026-05-21 00:11:13:1113 [31merror[39m: [31m[POST /api/v1/auth/user/login] [500] read ETIMEDOUT[39m
2026-05-21 00:11:13:1113 [31merror[39m: [31mQueryFailedError: read ETIMEDOUT[39m
[31m    at Query.onResult (/Users/hohoangson/Documents/my_study/Application_v1/backend/node_modules/typeorm/src/driver/mysql/MysqlQueryRunner.ts:248:33)[39m
[31m    at PoolConnection._notifyError (/Users/hohoangson/Documents/my_study/Application_v1/backend/node_modules/mysql2/lib/base/connection.js:267:21)[39m
[31m    at PoolConnection._handleFatalError (/Users/hohoangson/Documents/my_study/Application_v1/backend/node_modules/mysql2/lib/base/connection.js:222:10)[39m
[31m    at PoolConnection._handleNetworkError (/Users/hohoangson/Documents/my_study/Application_v1/backend/node_modules/mysql2/lib/base/connection.js:235:10)[39m
[31m    at Socket.emit (node:events:519:28)[39m
[31m    at Socket.emit (node:domain:489:12)[39m
[31m    at emitErrorNT (node:internal/streams/destroy:170:8)[39m
[31m    at emitErrorCloseNT (node:internal/streams/destroy:129:3)[39m
[31m    at processTicksAndRejections (node:internal/process/task_queues:90:21)[39m
2026-05-21 00:13:41:1341 [31merror[39m: [31m[POST /api/v1/auth/user/login] [500] read ETIMEDOUT[39m
2026-05-21 00:13:41:1341 [31merror[39m: [31mQueryFailedError: read ETIMEDOUT[39m
[31m    at Query.onResult (/Users/hohoangson/Documents/my_study/Application_v1/backend/node_modules/typeorm/src/driver/mysql/MysqlQueryRunner.ts:248:33)[39m
[31m    at PoolConnection._notifyError (/Users/hohoangson/Documents/my_study/Application_v1/backend/node_modules/mysql2/lib/base/connection.js:267:21)[39m
[31m    at PoolConnection._handleFatalError (/Users/hohoangson/Documents/my_study/Application_v1/backend/node_modules/mysql2/lib/base/connection.js:222:10)[39m
[31m    at PoolConnection._handleNetworkError (/Users/hohoangson/Documents/my_study/Application_v1/backend/node_modules/mysql2/lib/base/connection.js:235:10)[39m
[31m    at Socket.emit (node:events:519:28)[39m
[31m    at Socket.emit (node:domain:489:12)[39m
[31m    at emitErrorNT (node:internal/streams/destroy:170:8)[39m
[31m    at emitErrorCloseNT (node:internal/streams/destroy:129:3)[39m
[31m    at processTicksAndRejections (node:internal/process/task_queues:90:21)[39m
2026-05-21 00:14:50:1450 [31merror[39m: [31m[POST /api/v1/auth/user/login] [500] read ETIMEDOUT[39m
2026-05-21 00:14:50:1450 [31merror[39m: [31mQueryFailedError: read ETIMEDOUT[39m
[31m    at Query.onResult (/Users/hohoangson/Documents/my_study/Application_v1/backend/node_modules/typeorm/src/driver/mysql/MysqlQueryRunner.ts:248:33)[39m
[31m    at PoolConnection._notifyError (/Users/hohoangson/Documents/my_study/Application_v1/backend/node_modules/mysql2/lib/base/connection.js:267:21)[39m
[31m    at PoolConnection._handleFatalError (/Users/hohoangson/Documents/my_study/Application_v1/backend/node_modules/mysql2/lib/base/connection.js:222:10)[39m
[31m    at PoolConnection._handleNetworkError (/Users/hohoangson/Documents/my_study/Application_v1/backend/node_modules/mysql2/lib/base/connection.js:235:10)[39m
[31m    at Socket.emit (node:events:519:28)[39m
[31m    at Socket.emit (node:domain:489:12)[39m
[31m    at emitErrorNT (node:internal/streams/destroy:170:8)[39m
[31m    at emitErrorCloseNT (node:internal/streams/destroy:129:3)[39m
[31m    at processTicksAndRejections (node:internal/process/task_queues:90:21)[39m
2026-05-21 00:15:30:1530 [31merror[39m: [31m[POST /api/v1/auth/user/login] [500] read ETIMEDOUT[39m
2026-05-21 00:15:30:1530 [31merror[39m: [31mQueryFailedError: read ETIMEDOUT[39m
[31m    at Query.onResult (/Users/hohoangson/Documents/my_study/Application_v1/backend/node_modules/typeorm/src/driver/mysql/MysqlQueryRunner.ts:248:33)[39m
[31m    at PoolConnection._notifyError (/Users/hohoangson/Documents/my_study/Application_v1/backend/node_modules/mysql2/lib/base/connection.js:267:21)[39m
[31m    at PoolConnection._handleFatalError (/Users/hohoangson/Documents/my_study/Application_v1/backend/node_modules/mysql2/lib/base/connection.js:222:10)[39m
[31m    at PoolConnection._handleNetworkError (/Users/hohoangson/Documents/my_study/Application_v1/backend/node_modules/mysql2/lib/base/connection.js:235:10)[39m
[31m    at Socket.emit (node:events:519:28)[39m
[31m    at Socket.emit (node:domain:489:12)[39m
[31m    at emitErrorNT (node:internal/streams/destroy:170:8)[39m
[31m    at emitErrorCloseNT (node:internal/streams/destroy:129:3)[39m
[31m    at processTicksAndRejections (node:internal/process/task_queues:90:21)[39m
2026-05-21 00:17:12:1712 [31merror[39m: [31m[POST /api/v1/auth/user/login] [500] read ETIMEDOUT[39m
2026-05-21 00:17:12:1712 [31merror[39m: [31mQueryFailedError: read ETIMEDOUT[39m
[31m    at Query.onResult (/Users/hohoangson/Documents/my_study/Application_v1/backend/node_modules/typeorm/src/driver/mysql/MysqlQueryRunner.ts:248:33)[39m
[31m    at PoolConnection._notifyError (/Users/hohoangson/Documents/my_study/Application_v1/backend/node_modules/mysql2/lib/base/connection.js:267:21)[39m
[31m    at PoolConnection._handleFatalError (/Users/hohoangson/Documents/my_study/Application_v1/backend/node_modules/mysql2/lib/base/connection.js:222:10)[39m
[31m    at PoolConnection._handleNetworkError (/Users/hohoangson/Documents/my_study/Application_v1/backend/node_modules/mysql2/lib/base/connection.js:235:10)[39m
[31m    at Socket.emit (node:events:519:28)[39m
[31m    at Socket.emit (node:domain:489:12)[39m
[31m    at emitErrorNT (node:internal/streams/destroy:170:8)[39m
[31m    at emitErrorCloseNT (node:internal/streams/destroy:129:3)[39m
[31m    at processTicksAndRejections (node:internal/process/task_queues:90:21)[39m
2026-05-21 03:25:50:2550 [31merror[39m: [31m[POST /api/v1/auth/customer/login] [400] email must be a valid email[39m
2026-05-21 03:25:59:2559 [31merror[39m: [31m[POST /api/v1/auth/customer/login] [400] email must be a valid email[39m
2026-05-21 03:26:19:2619 [31merror[39m: [31m[POST /api/v1/auth/customer/login] [400] email must be a valid email[39m
2026-05-21 03:26:28:2628 [31merror[39m: [31m[POST /api/v1/auth/customer/login] [400] email must be a valid email[39m
2026-05-21 03:26:29:2629 [31merror[39m: [31m[POST /api/v1/auth/customer/login] [400] email must be a valid email[39m
2026-05-21 03:26:31:2631 [31merror[39m: [31m[POST /api/v1/auth/customer/login] [400] email must be a valid email[39m
2026-05-21 03:26:33:2633 [31merror[39m: [31m[POST /api/v1/auth/customer/login] [400] email must be a valid email[39m
2026-05-21 03:27:01:271 [31merror[39m: [31m[POST /api/v1/auth/customer/login] [400] email must be a valid email[39m
2026-05-21 04:12:38:1238 [31merror[39m: [31mError during server bootstrap:[39m
2026-05-21 04:12:38:1238 [31merror[39m: [31mlisten EADDRINUSE: address already in use 0.0.0.0:9999[39m
2026-05-21 04:21:10:2110 [31merror[39m: [31mError during server bootstrap:[39m
2026-05-21 04:21:10:2110 [31merror[39m: [31mlisten EADDRINUSE: address already in use 0.0.0.0:9999[39m
2026-05-21 04:25:01:251 [31merror[39m: [31m[POST /api/v1/client/orders] [401] Invalid or expired token[39m
2026-05-21 04:25:04:254 [31merror[39m: [31m[POST /api/v1/client/orders] [401] Invalid or expired token[39m
2026-05-21 04:25:04:254 [31merror[39m: [31m[POST /api/v1/client/orders] [401] Invalid or expired token[39m
2026-05-21 04:26:16:2616 [31merror[39m: [31m[POST /api/v1/client/orders] [401] Invalid or expired token[39m
2026-05-21 04:26:19:2619 [31merror[39m: [31m[POST /api/v1/client/orders] [401] Invalid or expired token[39m
